*** ALERT: threshold exceeded, value = 120
[monitor] received sensor = 120
[monitor] received sensor = 120
    (alarm already active)
    (alarm already active)
[monitor] received sensor = 120
[monitor] received sensor = 120
    (alarm already active)
    (alarm already active)
[monitor] received sensor = 120
[monitor] received sensor = 120
    (alarm already active)
    (alarm already active)
[monitor] received sensor = 120
[monitor] received sensor = 120
    (alarm already active)
